C51 COMPILER V9.60.7.0   BUZZER                                                            01/10/2025 21:24:07 PAGE 1   


C51 COMPILER V9.60.7.0, COMPILATION OF MODULE BUZZER
OBJECT MODULE PLACED IN .\Objects\buzzer.obj
COMPILER INVOKED BY: D:\Applications\Keil5-C51\C51\BIN\C51.EXE buzzer.c OPTIMIZE(8,SPEED) BROWSE DEBUG OBJECTEXTEND PRIN
                    -T(.\Listings\buzzer.lst) OBJECT(.\Objects\buzzer.obj)

line level    source

   1          #include "reg52.h"
   2          
   3          
   4          typedef unsigned char u8;
   5          typedef unsigned int u16;
   6          
   7          
   8          sbit buzzer_pin = P2^5;
   9          
  10          
  11          void delay(u16 number) {
  12   1              while (number--);
  13   1      }
  14          
  15          
  16          void main() {
  17   1              
  18   1              u16 i = 2000;
  19   1              
  20   1              while(1) {
  21   2                      
  22   2                      while (i--) {
  23   3                              // buzzer_pin = !buzzer_pin;
  24   3                              // delay(10);
  25   3                              buzzer_pin = 0;
  26   3                              delay(1);
  27   3                              buzzer_pin = 1;
  28   3                              delay(100);
  29   3                      }
  30   2                      
  31   2                      i = 0;
  32   2                      buzzer_pin = 0;
  33   2              }
  34   1      }
  35           


MODULE INFORMATION:   STATIC OVERLAYABLE
   CODE SIZE        =     52    ----
   CONSTANT SIZE    =   ----    ----
   XDATA SIZE       =   ----    ----
   PDATA SIZE       =   ----    ----
   DATA SIZE        =   ----    ----
   IDATA SIZE       =   ----    ----
   BIT SIZE         =   ----    ----
END OF MODULE INFORMATION.


C51 COMPILATION COMPLETE.  0 WARNING(S),  0 ERROR(S)
