C51 COMPILER V9.60.7.0   DIGITAL_TUBE                                                      01/12/2025 17:33:38 PAGE 1   


C51 COMPILER V9.60.7.0, COMPILATION OF MODULE DIGITAL_TUBE
OBJECT MODULE PLACED IN .\Objects\digital-tube.obj
COMPILER INVOKED BY: D:\Applications\Keil5-C51\C51\BIN\C51.EXE digital-tube.c OPTIMIZE(8,SPEED) BROWSE DEBUG OBJECTEXTEN
                    -D PRINT(.\Listings\digital-tube.lst) OBJECT(.\Objects\digital-tube.obj)

line level    source

   1          #include "reg52.h"
   2          
   3          
   4          typedef unsigned char u8;
   5          typedef unsigned int u16;
   6          
   7          
   8          #define DIGITAL_TUBE_A_DP_PORT P0
   9          
  10          
  11          u8 g_digital_tube_num[] = {0x3f, 0x06, 0x5b, 0x4f, 0x66, 0x6d, 0x7d, 0x07, 0x8f, 0x6f, 0x77, 0x7c, 0x39, 0
             -x5e, 0x79, 0x71};
  12          
  13          
  14          void delay(u16 number) {
  15   1              while(number--);
  16   1      }
  17          
  18          
  19          void main() {
  20   1              
  21   1              DIGITAL_TUBE_A_DP_PORT = g_digital_tube_num[1];
  22   1              
  23   1              while (1) {
  24   2                      
  25   2              }
  26   1      }


MODULE INFORMATION:   STATIC OVERLAYABLE
   CODE SIZE        =     16    ----
   CONSTANT SIZE    =   ----    ----
   XDATA SIZE       =   ----    ----
   PDATA SIZE       =   ----    ----
   DATA SIZE        =     16    ----
   IDATA SIZE       =   ----    ----
   BIT SIZE         =   ----    ----
END OF MODULE INFORMATION.


C51 COMPILATION COMPLETE.  0 WARNING(S),  0 ERROR(S)
